
> portfolio-web-frontend@0.1.0 build
> next build

  ▲ Next.js 14.2.35
  - Environments: .env.local

   Creating an optimized production build ...
 ✓ Compiled successfully
   Linting and checking validity of types ...
   Collecting page data ...
   Generating static pages (0/7) ...
   Generating static pages (1/7) 
   Generating static pages (3/7) 
   Generating static pages (5/7) 
 ✓ Generating static pages (7/7)
   Finalizing page optimization ...
   Collecting build traces ...

Route (app)                              Size     First Load JS
┌ ○ /                                    38.5 kB         126 kB
├ ○ /_not-found                          873 B          88.2 kB
├ ○ /admin                               1.43 kB        88.8 kB
├ ƒ /api/contact                         0 B                0 B
└ ƒ /api/newsletter                      0 B                0 B
+ First Load JS shared by all            87.3 kB
  ├ chunks/117-dd01b9a3685f6c1a.js       31.7 kB
  ├ chunks/fd9d1056-48501e1b362c8ea4.js  53.6 kB
  └ other shared chunks (total)          1.95 kB


○  (Static)   prerendered as static content
ƒ  (Dynamic)  server-rendered on demand

